21:21:35  NAME       REFERENCE             TARGETS       MINPODS   MAXPODS   REPLICAS   AGE
21:21:35  hpa-demo   Deployment/hpa-demo   cpu: 0%/50%   1         5         1          87s
21:22:08  hpa-demo   Deployment/hpa-demo   cpu: 36%/50%   1         5         1          2m
21:22:23  hpa-demo   Deployment/hpa-demo   cpu: 79%/50%   1         5         1          2m15s
21:22:38  hpa-demo   Deployment/hpa-demo   cpu: 78%/50%   1         5         2          2m30s
21:22:53  hpa-demo   Deployment/hpa-demo   cpu: 70%/50%   1         5         2          2m45s
21:23:08  hpa-demo   Deployment/hpa-demo   cpu: 45%/50%   1         5         2          3m
21:23:53  hpa-demo   Deployment/hpa-demo   cpu: 41%/50%   1         5         2          3m45s
21:24:08  hpa-demo   Deployment/hpa-demo   cpu: 43%/50%   1         5         2          4m
21:24:23  hpa-demo   Deployment/hpa-demo   cpu: 44%/50%   1         5         2          4m15s
21:24:38  hpa-demo   Deployment/hpa-demo   cpu: 45%/50%   1         5         2          4m30s
21:25:08  hpa-demo   Deployment/hpa-demo   cpu: 46%/50%   1         5         2          5m
21:26:08  hpa-demo   Deployment/hpa-demo   cpu: 45%/50%   1         5         2          6m
21:27:08  hpa-demo   Deployment/hpa-demo   cpu: 46%/50%   1         5         2          7m
21:27:23  hpa-demo   Deployment/hpa-demo   cpu: 45%/50%   1         5         2          7m15s
21:27:38  hpa-demo   Deployment/hpa-demo   cpu: 44%/50%   1         5         2          7m30s
21:27:53  hpa-demo   Deployment/hpa-demo   cpu: 43%/50%   1         5         2          7m45s
21:28:08  hpa-demo   Deployment/hpa-demo   cpu: 105%/50%   1         5         2          8m
21:28:23  hpa-demo   Deployment/hpa-demo   cpu: 195%/50%   1         5         4          8m15s
21:28:38  hpa-demo   Deployment/hpa-demo   cpu: 134%/50%   1         5         5          8m30s
21:28:53  hpa-demo   Deployment/hpa-demo   cpu: 88%/50%    1         5         5          8m45s
21:29:08  hpa-demo   Deployment/hpa-demo   cpu: 78%/50%    1         5         5          9m
21:29:23  hpa-demo   Deployment/hpa-demo   cpu: 84%/50%    1         5         5          9m15s
21:29:38  hpa-demo   Deployment/hpa-demo   cpu: 89%/50%    1         5         5          9m30s
21:29:53  hpa-demo   Deployment/hpa-demo   cpu: 86%/50%    1         5         5          9m45s
21:30:09  hpa-demo   Deployment/hpa-demo   cpu: 75%/50%    1         5         5          10m
21:30:24  hpa-demo   Deployment/hpa-demo   cpu: 58%/50%    1         5         5          10m
21:30:39  hpa-demo   Deployment/hpa-demo   cpu: 13%/50%    1         5         5          10m
21:30:54  hpa-demo   Deployment/hpa-demo   cpu: 0%/50%     1         5         5          10m
21:35:24  hpa-demo   Deployment/hpa-demo   cpu: 0%/50%     1         5         5          15m
21:35:39  hpa-demo   Deployment/hpa-demo   cpu: 0%/50%     1         5         2          15m
21:35:54  hpa-demo   Deployment/hpa-demo   cpu: 0%/50%     1         5         1          15m
