21:21:35  NAME                       READY   STATUS    RESTARTS   AGE
21:21:35  hpa-demo-5d8b77ff5-t6p96   1/1     Running   0          89s
21:22:23  hpa-demo-5d8b77ff5-srhnt   0/1     Pending             0          0s
21:22:23  hpa-demo-5d8b77ff5-srhnt   0/1     Pending             0          0s
21:22:23  hpa-demo-5d8b77ff5-srhnt   0/1     ContainerCreating   0          0s
21:22:25  hpa-demo-5d8b77ff5-srhnt   1/1     Running             0          2s
21:28:08  hpa-demo-5d8b77ff5-4sd8s     0/1     Pending             0          0s
21:28:08  hpa-demo-5d8b77ff5-kfh9g     0/1     Pending             0          0s
21:28:08  hpa-demo-5d8b77ff5-4sd8s     0/1     Pending             0          0s
21:28:08  hpa-demo-5d8b77ff5-kfh9g     0/1     Pending             0          0s
21:28:08  hpa-demo-5d8b77ff5-4sd8s     0/1     ContainerCreating   0          0s
21:28:08  hpa-demo-5d8b77ff5-kfh9g     0/1     ContainerCreating   0          0s
21:28:09  hpa-demo-5d8b77ff5-kfh9g     1/1     Running             0          1s
21:28:09  hpa-demo-5d8b77ff5-4sd8s     1/1     Running             0          1s
21:28:23  hpa-demo-5d8b77ff5-t7tz8     0/1     Pending             0          0s
21:28:23  hpa-demo-5d8b77ff5-t7tz8     0/1     Pending             0          0s
21:28:23  hpa-demo-5d8b77ff5-t7tz8     0/1     ContainerCreating   0          0s
21:28:24  hpa-demo-5d8b77ff5-t7tz8     1/1     Running             0          1s
21:35:24  hpa-demo-5d8b77ff5-t6p96     1/1     Terminating         0          15m
21:35:24  hpa-demo-5d8b77ff5-kfh9g     1/1     Terminating         0          7m16s
21:35:24  hpa-demo-5d8b77ff5-t7tz8     1/1     Terminating         0          7m1s
21:35:24  hpa-demo-5d8b77ff5-t6p96     1/1     Terminating         0          15m
21:35:24  hpa-demo-5d8b77ff5-kfh9g     1/1     Terminating         0          7m16s
21:35:24  hpa-demo-5d8b77ff5-t7tz8     1/1     Terminating         0          7m1s
21:35:26  hpa-demo-5d8b77ff5-t7tz8     0/1     Completed           0          7m3s
21:35:26  hpa-demo-5d8b77ff5-kfh9g     0/1     Completed           0          7m18s
21:35:26  hpa-demo-5d8b77ff5-t6p96     0/1     Completed           0          15m
21:35:26  hpa-demo-5d8b77ff5-t6p96     0/1     Completed           0          15m
21:35:26  hpa-demo-5d8b77ff5-t6p96     0/1     Completed           0          15m
21:35:26  hpa-demo-5d8b77ff5-kfh9g     0/1     Completed           0          7m18s
21:35:26  hpa-demo-5d8b77ff5-kfh9g     0/1     Completed           0          7m18s
21:35:26  hpa-demo-5d8b77ff5-t7tz8     0/1     Completed           0          7m3s
21:35:26  hpa-demo-5d8b77ff5-t7tz8     0/1     Completed           0          7m3s
21:35:39  hpa-demo-5d8b77ff5-4sd8s     1/1     Terminating         0          7m31s
21:35:39  hpa-demo-5d8b77ff5-4sd8s     1/1     Terminating         0          7m31s
21:35:40  hpa-demo-5d8b77ff5-4sd8s     0/1     Completed           0          7m32s
21:35:40  hpa-demo-5d8b77ff5-4sd8s     0/1     Completed           0          7m32s
21:35:40  hpa-demo-5d8b77ff5-4sd8s     0/1     Completed           0          7m32s
